* NAME S BETSTARX EBETSTARX X[cm] EX[cm] BETIPX EBETIPX ALFIPX EALFIPX
$ %s %le %le %le %le %le %le %le %le %le
IP1 23519.36962 0.598 0.007 -1.511 21.865 0.599 0.007 -0.0252 0.3649
IP2 192.923 2.934 0.125 -2.082 13.091 2.934 0.125 -0.0071 0.0443
IP5 10189.77565 0.597 0.015 -0.447 18.553 0.597 0.015 -0.0075 0.3105
IP8 20175.8654 3.185 0.291 70.859 119.588 3.33 0.279 0.2128 0.3413
