* NAME   S   f1001 f1001re  f1001im    f1010   f1010re   f1010im  f1001_PLAY ef1001_play   f1001re_PLAY  f1001im_PLAY    f1010_PLAY ef1010_play   f1010re_PLAY   f1010im_PLAY C11Mo C12Mo C21Mo C22Mo ANDMo C11_cor eC11_cor C12_cor eC12_cor C21_cor eC21_cor C22_cor eC22_cor ANG_cor eANG_cor S_MODEL
$ %s %le %le %le %le %le %le %le %le %le %le %le %le %le %le %le %le %le %le %le %le %le %le %le %le %le %le %le %le %le %le %le
IP1 151.0945 6.86275501319e-05 -4.63210482821e-05 5.0636954126e-05 5.12210954458e-06 5.04643618193e-06 8.77204678746e-07 0.0 0j 0.0 0.0 0.0 0j 0.0 0.0 0.000103028315679 -0.000102734967003 8.25492226538e-05 9.95194970302e-05 x 0.0 0.0 0.0 0.0 0.0 0.0 0.0 0.0 x X 23519.36962
IP1.L1 151.0945 6.86275501319e-05 -4.63210482821e-05 5.0636954126e-05 5.12210954458e-06 5.04643618193e-06 8.77204678746e-07 0.0 0j 0.0 0.0 0.0 0j 0.0 0.0 0.000103028315679 -0.000102734967003 8.25492226538e-05 9.95194970302e-05 x 0.0 0.0 0.0 0.0 0.0 0.0 0.0 0.0 x X 23519.36962
IP2 348.4729788 6.88240585834e-05 -6.83526410496e-05 -8.04161062494e-06 5.03914197925e-06 5.03878326924e-06 -6.01253078274e-08 0.099460069284 (-0.00354086953135-0.00252968855521j) -0.0517131943783 -0.0849591131614 0.00535587110748 (-0.00065447199642-0.00430254943848j) 0.00535128034146 -0.000221707074707 -1.62034715602e-05 -0.000146782845871 0.000126627713174 -1.59629703334e-05 x -0.164123354475 -0.012728523939 -0.109949786659 -0.00526019841834 0.0893284759472 0.25649432417 -0.163268999969 0.00389684825334 x X 192.923
IP5 151.0945 6.64587165254e-05 6.39493970674e-05 1.80896549697e-05 2.92833003544e-06 -2.8512465259e-06 6.67465388615e-07 0.0 0j 0.0 0.0 0.0 0j 0.0 0.0 3.75142400551e-05 0.000133601284831 -0.000122196298928 3.48443785477e-05 x 0.0 0.0 0.0 0.0 0.0 0.0 0.0 0.0 x X 10189.77565
IP8 31.529 6.42541182451e-05 -6.33150111323e-05 1.09453678223e-05 1.98124251845e-06 -1.13378809834e-06 1.6247604331e-06 0.154974553169 (-0.0454887390929-0.0499250352153j) -0.107209291795 -0.111907461247 0.0707543353486 (0.0330363214877+0.0588852947137j) 0.0514355472473 0.0485855992038 2.51402560961e-05 -0.000124362444016 0.000128897596335 1.86412144709e-05 x -0.118247843039 0.0223733435564 -0.296254870288 -0.140385921277 0.104152417161 0.204698537522 -0.299706256397 -0.199160136036 x X 20175.8654
BWS.5R4.B1 51.9285 6.37645998237e-05 1.49741320228e-05 6.19814452949e-05 3.01808251545e-06 -2.95616882009e-06 -6.08184163842e-07 0.067731550298 (-7.98301801068e-05-0.000868569455767j) -0.0447682850352 0.0508267996315 0.0134563225034 (-0.000710176459841-0.00022257764005j) 0.0109788013655 0.00778065137981 0.00012274652027 3.58606011039e-05 -2.40359260154e-05 0.000125179256886 x 0.11521864922 -0.0021173573135 -0.10959534807 0.00121299616455 0.0664280496609 -0.0194476893846 0.0846260837166 -0.00124965532887 x X 6942.367433
