* NAME  S PHASEY  PHASEYT    ERRORY PHASE_PLAY MODEL_S 
$ %s   %le  %le   %le        %le    %le     %le 
BPMWB.4L1.B1 23368.28 0.0 0.0 0.00140666982781 0.0 0.0
BPMSY.4L1.B1 23461.06 0.011484963947 -0.000326106293 0.00163112930588 0.0 92.78
BPMS.2L1.B1 23487.84 0.0143901675 1.24437e-05 0.0016319557682 0.0 119.5655
BPMSW.1L1.B1 23497.88 0.015910380109 -0.000129018491 0.0016778099116 0.0 129.6015
BPMSW.1R1.B1 23540.85 0.506755291002 -0.000203582098 0.00142028469297 0.0 172.5795
BPMS.2R1.B1 23550.9 0.508034548158 -0.000223860442 0.00166180564508 0.0 182.6235
BPMSY.4R1.B1 23577.68 0.509777838792 -0.000185425808 0.00154864142159 0.0 209.409
BPMWB.4R1.B1 23670.46 0.519149425951 -0.000338548949 0.00162299662106 0.0 302.189
