* NAME  S PHASEX  PHASEXT    ERRORX PHASE_PLAY MODEL_S 
$ %s    %le  %le  %le        %le     %le       %le  
BPMWA.B5R4.B1 6890.439 0.0 0.0 0.000316359396829 0.0 0.0
BPMYB.5R4.B1 6992.829 0.093303995424 -0.000111758636 0.000382203658911 0.0 102.3905
