* NAME  S PHASEY  PHASEYT    ERRORY PHASE_PLAY MODEL_S 
$ %s   %le  %le   %le        %le    %le     %le 
BPMS.2L8.B1 20144.34 0.0 0.0 0.00169029625724 0.0 0.0
BPMSW.1L8.B1 20154.27 0.005355073796 -0.00081153334 0.00160815341258 0.0 9.934
BPMSW.1R8.B1 20197.46 0.460994480851 -0.000982431449 0.00149826645811 0.0 53.124
BPMS.2R8.B1 20207.39 0.468904847204 -0.001077986296 0.00130789021952 0.0 63.058
BPMSX.4R8.B1 20245.31 0.485224962103 -0.000282735097 0.00111183690675 0.0 100.9695
