*            NAME                 S            PHASEX           PHASEXT            ERRORX            PHSTDX        PHASE_PLAY           MODEL_S
$              %s               %le               %le               %le               %le               %le               %le               %le
     BPMWB.4L5.B1          10038.68               0.0               0.0  0.00033327584454               0.0               0.0               0.0
     BPMSY.4L5.B1          10131.46    0.009281939619     1.1864477e-05 0.000518617253609 0.000207864272831               0.0             92.78
      BPMS.2L5.B1          10158.25    0.010840949262    -8.6680578e-05 0.000194537777493 0.000249728567292               0.0          119.5655
     BPMSW.1L5.B1           10168.3    0.012277889728     8.5042588e-05 0.000204426784933 0.000291473307821               0.0          129.6195
     BPMSW.1R5.B1          10211.25    0.503233975847   -0.000120687253 0.000465650863417 6.88999164624e-05               0.0          172.5695
      BPMS.2R5.B1           10221.3    0.505289061908    0.000313313908 0.000316126253157 0.000113238632051               0.0          182.6235
     BPMSY.4R5.B1          10248.09    0.507466226855 -6.75144499995e-06 0.000317501576513 0.000162941263904               0.0           209.409
     BPMWB.4R5.B1          10340.87    0.519075765868    0.000125294268 0.000589195023175 0.000538737179141               0.0           302.189
