*            NAME                 S            PHASEX           PHASEXT            ERRORX            PHSTDX        PHASE_PLAY           MODEL_S
$              %s               %le               %le               %le               %le               %le               %le               %le
      BPMS.2L8.B1          20144.34               0.0               0.0 0.000531824653188               0.0               0.0               0.0
     BPMSW.1L8.B1          20154.27     0.00751096427   -0.000350232215 0.000418834938944 0.000216473475942               0.0             9.934
     BPMSW.1R8.B1          20197.46    0.464016068128    0.000401144628 0.000702397638461  0.00241781720256               0.0            53.124
      BPMS.2R8.B1          20207.39    0.469842410234 -7.41683659999e-05 0.000448746146196  0.00184088751595               0.0            63.058
     BPMSX.4R8.B1          20245.31    0.484963983622    0.001388202722  0.00109625557504 0.000684553506887               0.0          100.9695
