*            NAME                 S            PHASEX           PHASEXT            ERRORX            PHSTDX        PHASE_PLAY           MODEL_S
$              %s               %le               %le               %le               %le               %le               %le               %le
     BPMWB.4L1.B1          23368.28               0.0               0.0 0.000327874921894               0.0               0.0               0.0
     BPMSY.4L1.B1          23461.06    0.009366633801    0.000228383265 0.000691223335819 0.000286355653779               0.0             92.78
      BPMS.2L1.B1          23487.84    0.010757381041    -3.2013009e-05 0.000440467992169 0.000340529252732               0.0          119.5655
     BPMSW.1L1.B1          23497.88     0.01177053238    -0.00027903808 0.000378739212917 0.000383021134896               0.0          129.6015
     BPMSW.1R1.B1          23540.85    0.503462717932    0.000172357032 0.000171761966091 9.70576858856e-05               0.0          172.5795
      BPMS.2R1.B1           23550.9    0.504568987698   -0.000315911502 0.000358666927018 0.000128955016999               0.0          182.6235
     BPMSY.4R1.B1          23577.68     0.50706392823    -0.00029011207 0.000181366286311 0.000205952391853               0.0           209.409
     BPMWB.4R1.B1          23670.46    0.518572010096   -0.000284295504 0.000317214911136 0.000744495951767               0.0           302.189
