@ GetLLMVersion %s "V3.0.0 Dev"
@ Command %s "/home/alangner/afs_work/git_repository/Beta-Beat.src/GetLLM/GetLLM.py --accel=LHCB1 --model=/home/alangner/afs_work/Beta_through_Ramp/model_B1/twiss_b2_4TeV_squeeze_MQT1.dat --files=/home/alangner/afs_work/Dispersion_2012/Beam1/2014-02-12/LHCB1/Measurements/Beam1@Turn@2012_03_30@07_20_23_969_0/Beam1@Turn@2012_03_30@07_20_23_969_0.sdds.new,/home/alangner/afs_work/Dispersion_2012/Beam1/2014-02-12/LHCB1/Measurements/Beam1@Turn@2012_03_30@07_22_12_026_0/Beam1@Turn@2012_03_30@07_22_12_026_0.sdds.new,/home/alangner/afs_work/Dispersion_2012/Beam1/2014-02-12/LHCB1/Measurements/Beam1@Turn@2012_03_30@07_23_28_894_0/Beam1@Turn@2012_03_30@07_23_28_894_0.sdds.new,/home/alangner/afs_work/Dispersion_2012/Beam1/2014-02-12/LHCB1/Measurements/Beam1@Turn@2012_03_30@07_24_51_586_0/Beam1@Turn@2012_03_30@07_24_51_586_0.sdds.new,/home/alangner/afs_work/Dispersion_2012/Beam1/2014-02-12/LHCB1/Measurements/Beam1@Turn@2012_03_30@07_26_51_368_0/Beam1@Turn@2012_03_30@07_26_51_368_0.sdds.new,/home/alangner/afs_work/Dispersion_2012/Beam1/2014-02-12/LHCB1/Measurements/Beam1@Turn@2012_03_30@07_41_15_819_0/Beam1@Turn@2012_03_30@07_41_15_819_0.sdds.new,/home/alangner/afs_work/Dispersion_2012/Beam1/2014-02-12/LHCB1/Measurements/Beam1@Turn@2012_03_30@07_42_41_340_0/Beam1@Turn@2012_03_30@07_42_41_340_0.sdds.new,/home/alangner/afs_work/Dispersion_2012/Beam1/2014-02-12/LHCB1/Measurements/Beam1@Turn@2012_03_30@07_44_21_573_0/Beam1@Turn@2012_03_30@07_44_21_573_0.sdds.new,/home/alangner/afs_work/Dispersion_2012/Beam1/2014-02-12/LHCB1/Measurements/Beam1@Turn@2012_03_30@07_54_22_097_0/Beam1@Turn@2012_03_30@07_54_22_097_0.sdds.new,/home/alangner/afs_work/Dispersion_2012/Beam1/2014-02-12/LHCB1/Measurements/Beam1@Turn@2012_03_30@07_55_51_539_0/Beam1@Turn@2012_03_30@07_55_51_539_0.sdds.new,/home/alangner/afs_work/Dispersion_2012/Beam1/2014-02-12/LHCB1/Measurements/Beam1@Turn@2012_03_30@07_57_27_852_0/Beam1@Turn@2012_03_30@07_57_27_852_0.sdds.new --output=/home/alangner/afs_work/Dispersion_2012/Beam1/Results_fin --tbtana=SUSSIX --bpmu=mm"
@ Date %s "19. March 2014, 21:00:59"
@ FILES %s "/home/alangner/afs_work/Dispersion_2012/Beam1/2014-02-12/LHCB1/Measurements/Beam1@Turn@2012_03_30@07_20_23_969_0/Beam1@Turn@2012_03_30@07_20_23_969_0.sdds.new,/home/alangner/afs_work/Dispersion_2012/Beam1/2014-02-12/LHCB1/Measurements/Beam1@Turn@2012_03_30@07_22_12_026_0/Beam1@Turn@2012_03_30@07_22_12_026_0.sdds.new,/home/alangner/afs_work/Dispersion_2012/Beam1/2014-02-12/LHCB1/Measurements/Beam1@Turn@2012_03_30@07_23_28_894_0/Beam1@Turn@2012_03_30@07_23_28_894_0.sdds.new,/home/alangner/afs_work/Dispersion_2012/Beam1/2014-02-12/LHCB1/Measurements/Beam1@Turn@2012_03_30@07_24_51_586_0/Beam1@Turn@2012_03_30@07_24_51_586_0.sdds.new,/home/alangner/afs_work/Dispersion_2012/Beam1/2014-02-12/LHCB1/Measurements/Beam1@Turn@2012_03_30@07_26_51_368_0/Beam1@Turn@2012_03_30@07_26_51_368_0.sdds.new"
*            NAME                2L             BETX*          BETX*STD          BETX*MDL             BETY*          BETY*STD          BETY*MDL               PHX            PHXSTD            PHXMDL               PHY            PHYSTD            PHYMDL
$              %s               %le               %le               %le               %le               %le               %le               %le               %le               %le               %le               %le               %le               %le
            "IP1"            42.978    0.576583520777  0.00902585662391    0.621866458379     0.65945827843   0.0187151662765    0.580339676786       0.491461296 0.000267202056998        0.49079098       0.490234714 0.000553922232433        0.49140567
            "IP5"             42.95    0.637710480596   0.0120325821065    0.627276548842    0.543170971049   0.0149255439546    0.566700533404      0.4905504114 0.000356387926456        0.49070492       0.491950648 0.000442180279045         0.4916021
            "IP8"             43.19     2.77797276864   0.0261767504575     2.74160412308     3.01979516035   0.0281320130051      2.9266703574      0.4592763854 0.000759127442497        0.45979995       0.455775056 0.000813424488778        0.45712198
            "IP2"             43.19     41.2579752408   0.0760024929409      2.9079897337     52.0174855758    0.214490626255     2.82514899923       0.153489932 0.000481824429534      0.4573841544       0.125254032 0.000929578727089      0.4585923477
