@ GetLLMVersion %s "V3.0.0 Dev"
@ Command %s "/home/alangner/afs_work/git_repository/Beta-Beat.src/GetLLM/GetLLM.py --accel=LHCB1 --model=/home/alangner/afs_work/Beta_through_Ramp/model_B1/twiss_b2_4TeV_squeeze_MQT1.dat --files=/home/alangner/afs_work/Dispersion_2012/Beam1/2014-02-12/LHCB1/Measurements/Beam1@Turn@2012_03_30@07_20_23_969_0/Beam1@Turn@2012_03_30@07_20_23_969_0.sdds.new,/home/alangner/afs_work/Dispersion_2012/Beam1/2014-02-12/LHCB1/Measurements/Beam1@Turn@2012_03_30@07_22_12_026_0/Beam1@Turn@2012_03_30@07_22_12_026_0.sdds.new,/home/alangner/afs_work/Dispersion_2012/Beam1/2014-02-12/LHCB1/Measurements/Beam1@Turn@2012_03_30@07_23_28_894_0/Beam1@Turn@2012_03_30@07_23_28_894_0.sdds.new,/home/alangner/afs_work/Dispersion_2012/Beam1/2014-02-12/LHCB1/Measurements/Beam1@Turn@2012_03_30@07_24_51_586_0/Beam1@Turn@2012_03_30@07_24_51_586_0.sdds.new,/home/alangner/afs_work/Dispersion_2012/Beam1/2014-02-12/LHCB1/Measurements/Beam1@Turn@2012_03_30@07_26_51_368_0/Beam1@Turn@2012_03_30@07_26_51_368_0.sdds.new,/home/alangner/afs_work/Dispersion_2012/Beam1/2014-02-12/LHCB1/Measurements/Beam1@Turn@2012_03_30@07_41_15_819_0/Beam1@Turn@2012_03_30@07_41_15_819_0.sdds.new,/home/alangner/afs_work/Dispersion_2012/Beam1/2014-02-12/LHCB1/Measurements/Beam1@Turn@2012_03_30@07_42_41_340_0/Beam1@Turn@2012_03_30@07_42_41_340_0.sdds.new,/home/alangner/afs_work/Dispersion_2012/Beam1/2014-02-12/LHCB1/Measurements/Beam1@Turn@2012_03_30@07_44_21_573_0/Beam1@Turn@2012_03_30@07_44_21_573_0.sdds.new,/home/alangner/afs_work/Dispersion_2012/Beam1/2014-02-12/LHCB1/Measurements/Beam1@Turn@2012_03_30@07_54_22_097_0/Beam1@Turn@2012_03_30@07_54_22_097_0.sdds.new,/home/alangner/afs_work/Dispersion_2012/Beam1/2014-02-12/LHCB1/Measurements/Beam1@Turn@2012_03_30@07_55_51_539_0/Beam1@Turn@2012_03_30@07_55_51_539_0.sdds.new,/home/alangner/afs_work/Dispersion_2012/Beam1/2014-02-12/LHCB1/Measurements/Beam1@Turn@2012_03_30@07_57_27_852_0/Beam1@Turn@2012_03_30@07_57_27_852_0.sdds.new --output=/home/alangner/afs_work/Dispersion_2012/Beam1/Results_fin --tbtana=SUSSIX --bpmu=mm"
@ Date %s "19. March 2014, 21:00:59"
@ FILES %s "/home/alangner/afs_work/Dispersion_2012/Beam1/2014-02-12/LHCB1/Measurements/Beam1@Turn@2012_03_30@07_20_23_969_0/Beam1@Turn@2012_03_30@07_20_23_969_0.sdds.new,/home/alangner/afs_work/Dispersion_2012/Beam1/2014-02-12/LHCB1/Measurements/Beam1@Turn@2012_03_30@07_22_12_026_0/Beam1@Turn@2012_03_30@07_22_12_026_0.sdds.new,/home/alangner/afs_work/Dispersion_2012/Beam1/2014-02-12/LHCB1/Measurements/Beam1@Turn@2012_03_30@07_23_28_894_0/Beam1@Turn@2012_03_30@07_23_28_894_0.sdds.new,/home/alangner/afs_work/Dispersion_2012/Beam1/2014-02-12/LHCB1/Measurements/Beam1@Turn@2012_03_30@07_24_51_586_0/Beam1@Turn@2012_03_30@07_24_51_586_0.sdds.new,/home/alangner/afs_work/Dispersion_2012/Beam1/2014-02-12/LHCB1/Measurements/Beam1@Turn@2012_03_30@07_26_51_368_0/Beam1@Turn@2012_03_30@07_26_51_368_0.sdds.new"
*            NAME              BETX           BETXSTD           BETXMDL              ALFX           ALFXSTD           ALFXMDL             BETX*          BETX*STD          BETX*MDL               SX*            SX*STD            SX*MDL           rt(2JX)        rt(2JX)STD
$              %s               %le               %le               %le               %le               %le               %le               %le               %le               %le               %le               %le               %le               %le               %le
            "IP1"    0.645456962524   0.0349734733491    0.628184572109    0.340850556223    0.054396617858   -0.100796430602    0.576533868878   0.0180417004634    0.621866458379    0.196806777675   0.0342940334261  -0.0626819193159   0.0279874791196 0.000458555834006
            "IP5"    0.931994348583   0.0213714454036    0.628366785824    0.679969172344   0.0321953520245   0.0416899072719    0.637452194809   0.0240539060518    0.627276548842    0.432831580596   0.0125842749229    0.026151101155   0.0283643555936 0.000975612143041
            "IP8"     2.78325713123    0.051394244669     2.75854450223  -0.0420791979728   0.0128352201954   0.0786066323547     2.77790239405   0.0523852895889     2.74160412308   -0.116640329164   0.0348420537272    0.215508267365   0.0277596824755 0.000516948598602
            "IP2"     41.3306672088    0.145989292878     2.94070830008  -0.0901025637901  0.00590481344187   -0.106071985571     40.9965516836    0.175401909698      2.9079897337    -3.69309162186    0.230267458494   -0.308456245073   0.0475574851899 0.000810720224532
