@ GetLLMVersion %s "V3.0.0 Dev"
@ Command %s "/home/alangner/afs_work/git_repository/Beta-Beat.src/GetLLM/GetLLM.py --accel=LHCB1 --model=/home/alangner/afs_work/Beta_through_Ramp/model_B1/twiss_b2_4TeV_squeeze_MQT1.dat --files=/home/alangner/afs_work/Dispersion_2012/Beam1/2014-02-12/LHCB1/Measurements/Beam1@Turn@2012_03_30@07_20_23_969_0/Beam1@Turn@2012_03_30@07_20_23_969_0.sdds.new,/home/alangner/afs_work/Dispersion_2012/Beam1/2014-02-12/LHCB1/Measurements/Beam1@Turn@2012_03_30@07_22_12_026_0/Beam1@Turn@2012_03_30@07_22_12_026_0.sdds.new,/home/alangner/afs_work/Dispersion_2012/Beam1/2014-02-12/LHCB1/Measurements/Beam1@Turn@2012_03_30@07_23_28_894_0/Beam1@Turn@2012_03_30@07_23_28_894_0.sdds.new,/home/alangner/afs_work/Dispersion_2012/Beam1/2014-02-12/LHCB1/Measurements/Beam1@Turn@2012_03_30@07_24_51_586_0/Beam1@Turn@2012_03_30@07_24_51_586_0.sdds.new,/home/alangner/afs_work/Dispersion_2012/Beam1/2014-02-12/LHCB1/Measurements/Beam1@Turn@2012_03_30@07_26_51_368_0/Beam1@Turn@2012_03_30@07_26_51_368_0.sdds.new,/home/alangner/afs_work/Dispersion_2012/Beam1/2014-02-12/LHCB1/Measurements/Beam1@Turn@2012_03_30@07_41_15_819_0/Beam1@Turn@2012_03_30@07_41_15_819_0.sdds.new,/home/alangner/afs_work/Dispersion_2012/Beam1/2014-02-12/LHCB1/Measurements/Beam1@Turn@2012_03_30@07_42_41_340_0/Beam1@Turn@2012_03_30@07_42_41_340_0.sdds.new,/home/alangner/afs_work/Dispersion_2012/Beam1/2014-02-12/LHCB1/Measurements/Beam1@Turn@2012_03_30@07_44_21_573_0/Beam1@Turn@2012_03_30@07_44_21_573_0.sdds.new,/home/alangner/afs_work/Dispersion_2012/Beam1/2014-02-12/LHCB1/Measurements/Beam1@Turn@2012_03_30@07_54_22_097_0/Beam1@Turn@2012_03_30@07_54_22_097_0.sdds.new,/home/alangner/afs_work/Dispersion_2012/Beam1/2014-02-12/LHCB1/Measurements/Beam1@Turn@2012_03_30@07_55_51_539_0/Beam1@Turn@2012_03_30@07_55_51_539_0.sdds.new,/home/alangner/afs_work/Dispersion_2012/Beam1/2014-02-12/LHCB1/Measurements/Beam1@Turn@2012_03_30@07_57_27_852_0/Beam1@Turn@2012_03_30@07_57_27_852_0.sdds.new --output=/home/alangner/afs_work/Dispersion_2012/Beam1/Results_fin --tbtana=SUSSIX --bpmu=mm"
@ Date %s "19. March 2014, 21:00:59"
@ FILES %s "/home/alangner/afs_work/Dispersion_2012/Beam1/2014-02-12/LHCB1/Measurements/Beam1@Turn@2012_03_30@07_20_23_969_0/Beam1@Turn@2012_03_30@07_20_23_969_0.sdds.new,/home/alangner/afs_work/Dispersion_2012/Beam1/2014-02-12/LHCB1/Measurements/Beam1@Turn@2012_03_30@07_22_12_026_0/Beam1@Turn@2012_03_30@07_22_12_026_0.sdds.new,/home/alangner/afs_work/Dispersion_2012/Beam1/2014-02-12/LHCB1/Measurements/Beam1@Turn@2012_03_30@07_23_28_894_0/Beam1@Turn@2012_03_30@07_23_28_894_0.sdds.new,/home/alangner/afs_work/Dispersion_2012/Beam1/2014-02-12/LHCB1/Measurements/Beam1@Turn@2012_03_30@07_24_51_586_0/Beam1@Turn@2012_03_30@07_24_51_586_0.sdds.new,/home/alangner/afs_work/Dispersion_2012/Beam1/2014-02-12/LHCB1/Measurements/Beam1@Turn@2012_03_30@07_26_51_368_0/Beam1@Turn@2012_03_30@07_26_51_368_0.sdds.new"
*            NAME              BETX           BETXSTD           BETXMDL              ALFX           ALFXSTD           ALFXMDL             BETX*          BETX*STD          BETX*MDL               SX*            SX*STD            SX*MDL          rt(2JXD)       rt(2JXD)STD
$              %s               %le               %le               %le               %le               %le               %le               %le               %le               %le               %le               %le               %le               %le               %le
            "IP1"    0.658190752933   0.0393453143047    0.607358131483    0.412043914759   0.0559089329448  -0.0407457840746    0.560918883309   0.0177368847725    0.606351455325    0.231425576485   0.0348683738303   -0.024706265472   0.0279874791196 0.000458555834006
            "IP5"    0.874904698673   0.0199010279603    0.604718155925    0.658980704949   0.0338138883019  -0.0135321227911    0.610105681738    0.023176792028     0.60460744121    0.401420089265   0.0124948961138 -0.00818162213485   0.0283643555936 0.000975612143041
            "IP8"     2.97536872796   0.0549764540978     2.94337503585  -0.0439254001434   0.0121817933797    0.067361441274     2.96922061068   0.0559382741204     2.93007961275   -0.130186527809   0.0353281093984    0.197374385763   0.0277596824755 0.000516948598602
            "IP2"     38.8862347642    0.134618966298     2.91531862862   -0.111199201083  0.00581639884733  -0.0392021766931     38.4101522317    0.167588678977     2.91084521068    -4.27041440393    0.209341859128   -0.114111468275   0.0475574851899 0.000810720224532
