@ GetLLMVersion %s "V3.0.0 Dev"
@ Command %s "/home/alangner/afs_work/git_repository/Beta-Beat.src/GetLLM/GetLLM.py --accel=LHCB1 --model=/home/alangner/afs_work/Beta_through_Ramp/model_B1/twiss_b2_4TeV_squeeze_MQT1.dat --files=/home/alangner/afs_work/Dispersion_2012/Beam1/2014-02-12/LHCB1/Measurements/Beam1@Turn@2012_03_30@07_20_23_969_0/Beam1@Turn@2012_03_30@07_20_23_969_0.sdds.new,/home/alangner/afs_work/Dispersion_2012/Beam1/2014-02-12/LHCB1/Measurements/Beam1@Turn@2012_03_30@07_22_12_026_0/Beam1@Turn@2012_03_30@07_22_12_026_0.sdds.new,/home/alangner/afs_work/Dispersion_2012/Beam1/2014-02-12/LHCB1/Measurements/Beam1@Turn@2012_03_30@07_23_28_894_0/Beam1@Turn@2012_03_30@07_23_28_894_0.sdds.new,/home/alangner/afs_work/Dispersion_2012/Beam1/2014-02-12/LHCB1/Measurements/Beam1@Turn@2012_03_30@07_24_51_586_0/Beam1@Turn@2012_03_30@07_24_51_586_0.sdds.new,/home/alangner/afs_work/Dispersion_2012/Beam1/2014-02-12/LHCB1/Measurements/Beam1@Turn@2012_03_30@07_26_51_368_0/Beam1@Turn@2012_03_30@07_26_51_368_0.sdds.new,/home/alangner/afs_work/Dispersion_2012/Beam1/2014-02-12/LHCB1/Measurements/Beam1@Turn@2012_03_30@07_41_15_819_0/Beam1@Turn@2012_03_30@07_41_15_819_0.sdds.new,/home/alangner/afs_work/Dispersion_2012/Beam1/2014-02-12/LHCB1/Measurements/Beam1@Turn@2012_03_30@07_42_41_340_0/Beam1@Turn@2012_03_30@07_42_41_340_0.sdds.new,/home/alangner/afs_work/Dispersion_2012/Beam1/2014-02-12/LHCB1/Measurements/Beam1@Turn@2012_03_30@07_44_21_573_0/Beam1@Turn@2012_03_30@07_44_21_573_0.sdds.new,/home/alangner/afs_work/Dispersion_2012/Beam1/2014-02-12/LHCB1/Measurements/Beam1@Turn@2012_03_30@07_54_22_097_0/Beam1@Turn@2012_03_30@07_54_22_097_0.sdds.new,/home/alangner/afs_work/Dispersion_2012/Beam1/2014-02-12/LHCB1/Measurements/Beam1@Turn@2012_03_30@07_55_51_539_0/Beam1@Turn@2012_03_30@07_55_51_539_0.sdds.new,/home/alangner/afs_work/Dispersion_2012/Beam1/2014-02-12/LHCB1/Measurements/Beam1@Turn@2012_03_30@07_57_27_852_0/Beam1@Turn@2012_03_30@07_57_27_852_0.sdds.new --output=/home/alangner/afs_work/Dispersion_2012/Beam1/Results_fin --tbtana=SUSSIX --bpmu=mm"
@ Date %s "19. March 2014, 21:00:59"
@ FILES %s "/home/alangner/afs_work/Dispersion_2012/Beam1/2014-02-12/LHCB1/Measurements/Beam1@Turn@2012_03_30@07_20_23_969_0/Beam1@Turn@2012_03_30@07_20_23_969_0.sdds.new,/home/alangner/afs_work/Dispersion_2012/Beam1/2014-02-12/LHCB1/Measurements/Beam1@Turn@2012_03_30@07_22_12_026_0/Beam1@Turn@2012_03_30@07_22_12_026_0.sdds.new,/home/alangner/afs_work/Dispersion_2012/Beam1/2014-02-12/LHCB1/Measurements/Beam1@Turn@2012_03_30@07_23_28_894_0/Beam1@Turn@2012_03_30@07_23_28_894_0.sdds.new,/home/alangner/afs_work/Dispersion_2012/Beam1/2014-02-12/LHCB1/Measurements/Beam1@Turn@2012_03_30@07_24_51_586_0/Beam1@Turn@2012_03_30@07_24_51_586_0.sdds.new,/home/alangner/afs_work/Dispersion_2012/Beam1/2014-02-12/LHCB1/Measurements/Beam1@Turn@2012_03_30@07_26_51_368_0/Beam1@Turn@2012_03_30@07_26_51_368_0.sdds.new"
*            NAME              BETY           BETYSTD           BETYMDL              ALFY           ALFYSTD           ALFYMDL             BETY*          BETY*STD          BETY*MDL               SY*            SY*STD            SY*MDL          rt(2JYD)       rt(2JYD)STD
$              %s               %le               %le               %le               %le               %le               %le               %le               %le               %le               %le               %le               %le               %le               %le
            "IP1"    0.819363033999   0.0254630603464    0.551527422271    0.577658475948   0.0420009318044     0.10968101594    0.623912664621   0.0374253926028    0.544971456384    0.372597586134   0.0130366195511   0.0597730229942   0.0286010046102 0.000713461345165
            "IP5"    0.644610486666   0.0204891231949    0.604602786648   -0.312859430282   0.0560782356404  -0.0169867648853    0.580859179631    0.029854160671     0.60442837873   -0.168488830659   0.0226893348295  -0.0102672827595   0.0285573490399 0.000920114644054
            "IP8"     3.04747705048   0.0529699436651     2.93797614142    0.144666949199   0.0179059244091    0.086657119075     3.00889112552   0.0563348050386     2.91607798129    0.428824085701   0.0520015041126    0.252698916856   0.0281583622927 0.000375276176949
            "IP2"     51.8944300881    0.430673518273     2.69018413211  -0.0146199331921  0.00999730836206  -0.0643155570432     51.8190073509    0.433231836842     2.67910205091     1.63568595408    0.517957795015    -0.17230794078   0.0455584996086 0.000338348808247
