@ GetLLMVersion %s "V3.0.0 Dev"
@ Command %s "/home/alangner/afs_work/git_repository/Beta-Beat.src/GetLLM/GetLLM.py --accel=LHCB1 --model=/home/alangner/afs_work/Beta_through_Ramp/model_B1/twiss_b2_4TeV_squeeze_MQT1.dat --files=/home/alangner/afs_work/Dispersion_2012/Beam1/2014-02-12/LHCB1/Measurements/Beam1@Turn@2012_03_30@07_20_23_969_0/Beam1@Turn@2012_03_30@07_20_23_969_0.sdds.new,/home/alangner/afs_work/Dispersion_2012/Beam1/2014-02-12/LHCB1/Measurements/Beam1@Turn@2012_03_30@07_22_12_026_0/Beam1@Turn@2012_03_30@07_22_12_026_0.sdds.new,/home/alangner/afs_work/Dispersion_2012/Beam1/2014-02-12/LHCB1/Measurements/Beam1@Turn@2012_03_30@07_23_28_894_0/Beam1@Turn@2012_03_30@07_23_28_894_0.sdds.new,/home/alangner/afs_work/Dispersion_2012/Beam1/2014-02-12/LHCB1/Measurements/Beam1@Turn@2012_03_30@07_24_51_586_0/Beam1@Turn@2012_03_30@07_24_51_586_0.sdds.new,/home/alangner/afs_work/Dispersion_2012/Beam1/2014-02-12/LHCB1/Measurements/Beam1@Turn@2012_03_30@07_26_51_368_0/Beam1@Turn@2012_03_30@07_26_51_368_0.sdds.new,/home/alangner/afs_work/Dispersion_2012/Beam1/2014-02-12/LHCB1/Measurements/Beam1@Turn@2012_03_30@07_41_15_819_0/Beam1@Turn@2012_03_30@07_41_15_819_0.sdds.new,/home/alangner/afs_work/Dispersion_2012/Beam1/2014-02-12/LHCB1/Measurements/Beam1@Turn@2012_03_30@07_42_41_340_0/Beam1@Turn@2012_03_30@07_42_41_340_0.sdds.new,/home/alangner/afs_work/Dispersion_2012/Beam1/2014-02-12/LHCB1/Measurements/Beam1@Turn@2012_03_30@07_44_21_573_0/Beam1@Turn@2012_03_30@07_44_21_573_0.sdds.new,/home/alangner/afs_work/Dispersion_2012/Beam1/2014-02-12/LHCB1/Measurements/Beam1@Turn@2012_03_30@07_54_22_097_0/Beam1@Turn@2012_03_30@07_54_22_097_0.sdds.new,/home/alangner/afs_work/Dispersion_2012/Beam1/2014-02-12/LHCB1/Measurements/Beam1@Turn@2012_03_30@07_55_51_539_0/Beam1@Turn@2012_03_30@07_55_51_539_0.sdds.new,/home/alangner/afs_work/Dispersion_2012/Beam1/2014-02-12/LHCB1/Measurements/Beam1@Turn@2012_03_30@07_57_27_852_0/Beam1@Turn@2012_03_30@07_57_27_852_0.sdds.new --output=/home/alangner/afs_work/Dispersion_2012/Beam1/Results_fin --tbtana=SUSSIX --bpmu=mm"
@ Date %s "19. March 2014, 21:00:59"
@ FILES %s "/home/alangner/afs_work/Dispersion_2012/Beam1/2014-02-12/LHCB1/Measurements/Beam1@Turn@2012_03_30@07_20_23_969_0/Beam1@Turn@2012_03_30@07_20_23_969_0.sdds.new,/home/alangner/afs_work/Dispersion_2012/Beam1/2014-02-12/LHCB1/Measurements/Beam1@Turn@2012_03_30@07_22_12_026_0/Beam1@Turn@2012_03_30@07_22_12_026_0.sdds.new,/home/alangner/afs_work/Dispersion_2012/Beam1/2014-02-12/LHCB1/Measurements/Beam1@Turn@2012_03_30@07_23_28_894_0/Beam1@Turn@2012_03_30@07_23_28_894_0.sdds.new,/home/alangner/afs_work/Dispersion_2012/Beam1/2014-02-12/LHCB1/Measurements/Beam1@Turn@2012_03_30@07_24_51_586_0/Beam1@Turn@2012_03_30@07_24_51_586_0.sdds.new,/home/alangner/afs_work/Dispersion_2012/Beam1/2014-02-12/LHCB1/Measurements/Beam1@Turn@2012_03_30@07_26_51_368_0/Beam1@Turn@2012_03_30@07_26_51_368_0.sdds.new"
*            NAME              BETY           BETYSTD           BETYMDL              ALFY           ALFYSTD           ALFYMDL             BETY*          BETY*STD          BETY*MDL               SY*            SY*STD            SY*MDL          rt(2JYD)       rt(2JYD)STD
$              %s               %le               %le               %le               %le               %le               %le               %le               %le               %le               %le               %le               %le               %le               %le
            "IP1"    0.844040189459   0.0235534466769    0.551527422271    0.605311913939   0.0446177264069     0.10968101594    0.618043466412   0.0351427899688    0.544971456384    0.372721982333   0.0126175205878   0.0597730229942   0.0286010046102 0.000713461345165
            "IP5"     0.62939663322   0.0225249042419    0.604602786648   -0.293112625407   0.0526096827317  -0.0169867648853    0.578880946512   0.0317856352218     0.60442837873   -0.168322266359   0.0232200267079  -0.0102672827595   0.0285573490399 0.000920114644054
            "IP8"      3.0917613525   0.0510792942687     2.93797614142     0.14421269389   0.0178262630656    0.086657119075     3.02797248113   0.0560584703981     2.91607798129    0.436162446312   0.0502646589106    0.252698916856   0.0281583622927 0.000375276176949
            "IP2"     55.7810222596    0.460045963921     2.69018413211   0.0246187015857   0.0104321281379  -0.0643155570432     55.7412039746    0.462698911913     2.67910205091     1.37162348015    0.580174795912    -0.17230794078   0.0455584996086 0.000338348808247
