* NAME S BETY EBETY Y[cm] EY[cm] BETIPY EBETIPY ALFIPY EALFIPY
$ %s %le %le %le %le %le %le %le %le %le
IP1 3195.252584 0.604 0.024 4.128 15.527 0.607 0.023 0.068 0.2533
IP2 6527.5368 2.994 0.028 -14.423 14.151 3.001 0.028 -0.0481 0.0467
IP5 16524.84655 0.602 0.141 17.488 29.524 0.646 0.061 0.2705 0.4312
IP8 26510.4792 3.024 0.003 4.241 21.055 3.025 0.003 0.014 0.0696
