* NAME S BETSTARX EBETSTARX X[cm] EX[cm] BETIPX EBETIPX ALFIPX EALFIPX
$ %s %le %le %le %le %le %le %le %le %le
IP1 3195.252584 3.753 1.218 -277.262 370.081 4.937 1.162 -0.5617 0.6175
IP2 6527.5368 5.83 0.93 -2619.702 185.195 18.076 0.821 -1.4492 0.0366
IP5 16524.84655 2.691 1.738 -510.897 623.04 5.245 1.665 -0.9741 0.8787
IP8 26510.4792 5.152 1.196 -3783.742 269.156 21.344 1.138 -1.7727 0.0315
IP1 3195.252584 0.598 0.036 0.676 28.6 0.598 0.036 0.0113 0.4778
IP2 6527.5368 2.886 0.055 -8.733 30.811 2.888 0.055 -0.0302 0.1061
IP5 16524.84655 0.592 0.043 -5.518 40.841 0.597 0.04 -0.0924 0.6778
IP8 26510.4792 2.972 0.095 19.69 23.44 2.985 0.094 0.066 0.0765
