* NAME S BETXP ERRBETXP BETXMDL ALFXP ERRALFXP ALFXMDL BETX2 ERRBETXP2 BETY ERRBETY BETYMDL ALFA ERRALFY ALFYMDL MDL_S BETY2 ERRBETYP2
$ %s %le %le %le %le %le %le %le %le %le %le %le %le %le %le %le %le %le %le
IP1.L1 151.1705 0.6 0.05 0.63 0.0661 0.6757 0.0206 0.5972 0.0163 0.61 0.02 0.62 0.1017 0.2533 0.2038 3195.25 0.6107 0.0122
IP1.L1 151.1705 0.6 0.05 0.63 0.0661 0.6757 0.0206 0.5972 0.0163 0.61 0.02 0.62 0.1017 0.2533 0.2038 3195.25 0.6107 0.0122
IP2 119.6735 2.89 0.08 2.92 -0.0382 0.1501 -0.0125 2.8875 0.0669 3.0 0.03 3.37 -0.0627 0.0467 0.1669 6527.54 2.9722 0.0686
IP5 151.1705 0.6 0.06 0.58 0.1129 0.9585 0.0167 0.5905 0.0242 0.65 0.06 0.6 0.1709 0.4312 0.0588 16524.85 0.6188 0.0653
IP8 119.5975 2.98 0.13 3.01 0.045 0.1081 -0.0567 2.9927 0.1376 3.02 0.0 3.08 -0.049 0.0696 -0.2135 26510.48 2.9773 0.0787
BWS.5L4.B2 50.462 132.46 6.7 135.71 -0.0029 0.0283 0.1128 132.6567 2.0974 419.56 1.65 404.93 -0.0396 0.0689 1.2869 13107.53 419.3364 4.977
