* NAME  S PHASEX  PHASEXT    ERRORX PHASE_PLAY MODEL_S 
$ %s    %le  %le  %le        %le     %le       %le  
BPMYB.5L4.B2 13057.07 0.0 0.0 0.00023071118292 0.0 0.0
BPMWA.B5L4.B2 13159.46 0.117098369411 -0.0007524086887 0.00113485154755 0.0 102.3905
