* NAME  S PHASEY  PHASEYT    ERRORY PHASE_PLAY MODEL_S 
$ %s   %le  %le   %le        %le    %le     %le 
BPMWB.4L5.B2 16373.68 0.0 0.0 0.00128456472704 0.0 0.0
BPMSY.4L5.B2 16466.53 0.008781765366 -0.000275929753 0.00107683001411 0.0 92.856
BPMS.2L5.B2 16493.32 0.010639735815 1.1849395e-05 0.00115977356698 0.0 119.6415
BPMSW.1L5.B2 16503.37 0.012218972425 0.000401959235 0.00120674249813 0.0 129.6955
BPMSW.1R5.B2 16546.32 0.503425845492 8.8961692e-05 0.0013409890462 0.0 172.6455
BPMS.2R5.B2 16556.38 0.50445944182 -0.00046374388 0.00118164950282 0.0 182.6995
BPMSY.4R5.B2 16583.16 0.507349472936 1.01877359999e-05 0.00110776238261 0.0 209.485
BPMWB.4R5.B2 16676.02 0.519025455733 0.000968404133 0.0011300071627 0.0 302.341
