* NAME  S PHASEY  PHASEYT    ERRORY PHASE_PLAY MODEL_S 
$ %s   %le  %le   %le        %le    %le     %le 
BPMWB.4L1.B2 3044.082 0.0 0.0 0.00119098957024 0.0 0.0
BPMSY.4L1.B2 3136.938 0.009267280439 0.000107546868 0.00119747734967 0.0 92.856
BPMS.2L1.B2 3163.724 0.010574678738 -0.000201981102 0.00106002173713 0.0 119.6415
BPMSW.1L1.B2 3173.76 0.012089919733 8.6530343e-05 0.00108318777893 0.0 129.6775
BPMSW.1R1.B2 3216.738 0.502999725888 -0.000343911012 0.00113109061333 0.0 172.6555
BPMS.2R1.B2 3226.782 0.504715198022 -0.000228312078 0.00106906278586 0.0 182.6995
BPMSY.4R1.B2 3253.567 0.507029314461 -0.000370801039 0.00115254630842 0.0 209.485
BPMWB.4R1.B2 3346.423 0.519106731434 0.000560722834 0.000994178231127 0.0 302.341
