* NAME  S PHASEY  PHASEYT    ERRORY PHASE_PLAY MODEL_S 
$ %s   %le  %le   %le        %le    %le     %le 
BPMWB.4L2.B2 6407.863 0.0 0.0 0.000771418530669 0.0 0.0
BPMSX.4L2.B2 6458.096 0.0242205885104 0.0004936354704 0.00170463836386 0.0 50.233
BPMS.2L2.B2 6496.008 0.0393927605164 -0.0002410457436 0.000871907883035 0.0 88.1445
BPMSW.1L2.B2 6505.942 0.0479615513214 0.0001303838214 0.00109780737482 0.0 98.0785
BPMSW.1R2.B2 6549.132 0.503535953061 -8.86844386e-05 0.00116742656528 0.0 141.2685
BPMS.2R2.B2 6559.066 0.50978647632 0.0001349921204 0.00108874488395 0.0 151.2025
BPMSX.4R2.B2 6596.977 0.522707254911 -0.0008301056886 0.00147835989621 0.0 189.114
BPMWB.4R2.B2 6647.134 0.552631760982 -0.0015711150176 0.00107161040057 0.0 239.271
