* NAME  S PHASEX  PHASEXT    ERRORX PHASE_PLAY MODEL_S 
$ %s    %le  %le  %le        %le     %le       %le  
BPMWB.4L1.B2 3044.082 0.0 0.0 0.00061784860443 0.0 0.0
BPMSY.4L1.B2 3136.938 0.011608790982 3.9823372e-05 0.00077172387112 0.0 92.856
BPMS.2L1.B2 3163.724 0.0139608218102 -0.0001030791898 0.000638738962747 0.0 119.6415
BPMSW.1L1.B2 3173.76 0.015492623763 -0.00018399745696 0.000710955803207 0.0 129.6775
BPMSW.1R1.B2 3216.738 0.506930544388 9.13814879999e-05 0.000585306628173 0.0 172.6555
BPMS.2R1.B2 3226.782 0.508106398232 -1.23496799997e-06 0.000543566069401 0.0 182.6995
BPMSY.4R1.B2 3253.567 0.510147962458 0.000378136958 0.00068241433982 0.0 209.485
BPMWB.4R1.B2 3346.423 0.519184819658 0.000159097958 0.000771917307684 0.0 302.341
