* NAME  S PHASEY  PHASEYT    ERRORY PHASE_PLAY MODEL_S 
$ %s   %le  %le   %le        %le    %le     %le 
BPMYB.5L4.B2 13057.07 0.0 0.0 0.00106047256163 0.0 0.0
BPMWA.B5L4.B2 13159.46 0.039058453367 -0.000572977453 0.000976175873528 0.0 102.3905
