@ GetLLMVersion %s "V3.0.0 Dev"
@ Command %s "/afs/cern.ch/work/v/vimaier/public/Beta-Beat.src/GetLLM/GetLLM.py --accel=LHCB1 --model=/afs/cern.ch/work/v/vimaier/public/betabeatGui/temp/2013-10-24/models/LHCB1/ac_mod/twiss.dat --files=/afs/cern.ch/work/v/vimaier/public/betabeatGui/temp/2013-10-24/LHCB1/Measurements/Beam1@Turn@2012_08_10@17_33_24_128_0.new/Beam1@Turn@2012_08_10@17_33_24_128_0.sdds.new.new,/afs/cern.ch/work/v/vimaier/public/betabeatGui/temp/2013-10-24/LHCB1/Measurements/Beam1@Turn@2012_08_10@17_36_03_312_0.new/Beam1@Turn@2012_08_10@17_36_03_312_0.sdds.new.new --output=/afs/cern.ch/work/v/vimaier/public/betabeatGui/temp/2013-10-24/LHCB1/Results/14-32-29_NORMALANALYSIS_SUSSIX_2 --tbtana=SUSSIX --bpmu=mm"
@ Date %s "24. October 2013, 14:32:29"
@ CG %le 0.0192321208587
@ QG %le 0.244753573657
@ FILES %s "/afs/cern.ch/work/v/vimaier/public/betabeatGui/temp/2013-10-24/LHCB1/Measurements/Beam1@Turn@2012_08_10@17_33_24_128_0.new/Beam1@Turn@2012_08_10@17_33_24_128_0.sdds.new.new"
*            NAME                 S             COUNT            F1001W            FWSTD1            F1001R            F1001I            F1010W            FWSTD2            F1010R            F1010I         MDLF1001R         MDLF1001I         MDLF1010R         MDLF1010I
$              %s               %le               %le               %le               %le               %le               %le               %le               %le               %le               %le               %le               %le               %le               %le
    "BPM.28R2.B1"          1535.397                 1     6.68678690999               0.0    -5.38914418852    -3.95856591392    0.704222369378               0.0   -0.599985051934   -0.368710025615 -7.4817461981e-09 3.57003136278e-09 -1.48911958769e-09 2.49973040279e-09
    "BPM.11R3.B1"          3958.212                 1     3.19202832254               0.0    0.543126616791      3.1454822031     1.27636028594               0.0   -0.963227717577    -0.83742936635 1.91292704774e-09 -8.06299720708e-09 1.34835908582e-09 -2.58350128295e-09
    "BPM.14R3.B1"          4119.833                 1     4.82086549361               0.0    -2.24701596401    -4.26516862093    0.591874922026               0.0   -0.573590701975    0.145978183064 3.19044443579e-09 -7.6489393864e-09 2.14819762742e-09 1.95638755249e-09
     "BPM.7L2.B1"          26582.87                 1      1.8195455495               0.0      1.5058241549    -1.02139102267     0.32410868563               0.0  -0.0787846048038   -0.314387382296 -6.83276792568e-09 -4.70587905876e-09 -2.7156083121e-09 1.06921134706e-09
