@ GetLLMVersion %s "V3.0.0 Dev"
@ Command %s "/home/alangner/afs_work/git_repository/Beta-Beat.src/GetLLM/GetLLM.py --accel=LHCB2 --model=/home/alangner/afs_work/Beta_through_Ramp/model_B2/twiss_4TeV_squeeze_MQT1.dat --files=/home/alangner/afs_work/Dispersion_2012/Beam2/2014-02-12/LHCB2/Measurements/Beam2@Turn@2012_03_30@07_18_36_787_0/Beam2@Turn@2012_03_30@07_18_36_787_0.sdds.new,/home/alangner/afs_work/Dispersion_2012/Beam2/2014-02-12/LHCB2/Measurements/Beam2@Turn@2012_03_30@07_19_59_539_0/Beam2@Turn@2012_03_30@07_19_59_539_0.sdds.new,/home/alangner/afs_work/Dispersion_2012/Beam2/2014-02-12/LHCB2/Measurements/Beam2@Turn@2012_03_30@07_21_21_131_0/Beam2@Turn@2012_03_30@07_21_21_131_0.sdds.new,/home/alangner/afs_work/Dispersion_2012/Beam2/2014-02-12/LHCB2/Measurements/Beam2@Turn@2012_03_30@07_22_48_985_0/Beam2@Turn@2012_03_30@07_22_48_985_0.sdds.new,/home/alangner/afs_work/Dispersion_2012/Beam2/2014-02-12/LHCB2/Measurements/Beam2@Turn@2012_03_30@07_24_21_706_0/Beam2@Turn@2012_03_30@07_24_21_706_0.sdds.new,/home/alangner/afs_work/Dispersion_2012/Beam2/2014-02-12/LHCB2/Measurements/Beam2@Turn@2012_03_30@07_26_02_509_0/Beam2@Turn@2012_03_30@07_26_02_509_0.sdds.new,/home/alangner/afs_work/Dispersion_2012/Beam2/2014-02-12/LHCB2/Measurements/Beam2@Turn@2012_03_30@07_39_04_195_0/Beam2@Turn@2012_03_30@07_39_04_195_0.sdds.new,/home/alangner/afs_work/Dispersion_2012/Beam2/2014-02-12/LHCB2/Measurements/Beam2@Turn@2012_03_30@07_40_35_047_0/Beam2@Turn@2012_03_30@07_40_35_047_0.sdds.new,/home/alangner/afs_work/Dispersion_2012/Beam2/2014-02-12/LHCB2/Measurements/Beam2@Turn@2012_03_30@07_42_00_669_0/Beam2@Turn@2012_03_30@07_42_00_669_0.sdds.new,/home/alangner/afs_work/Dispersion_2012/Beam2/2014-02-12/LHCB2/Measurements/Beam2@Turn@2012_03_30@07_43_51_512_0/Beam2@Turn@2012_03_30@07_43_51_512_0.sdds.new,/home/alangner/afs_work/Dispersion_2012/Beam2/2014-02-12/LHCB2/Measurements/Beam2@Turn@2012_03_30@07_55_31_188_0/Beam2@Turn@2012_03_30@07_55_31_188_0.sdds.new,/home/alangner/afs_work/Dispersion_2012/Beam2/2014-02-12/LHCB2/Measurements/Beam2@Turn@2012_03_30@07_57_21_071_0/Beam2@Turn@2012_03_30@07_57_21_071_0.sdds.new,/home/alangner/afs_work/Dispersion_2012/Beam2/2014-02-12/LHCB2/Measurements/Beam2@Turn@2012_03_30@07_58_49_053_0/Beam2@Turn@2012_03_30@07_58_49_053_0.sdds.new --output=/home/alangner/afs_work/Dispersion_2012/Beam2/Results_fin/ --tbtana=SUSSIX --bpmu=mm"
@ Date %s "19. March 2014, 21:10:27"
@ FILES %s "/home/alangner/afs_work/Dispersion_2012/Beam2/2014-02-12/LHCB2/Measurements/Beam2@Turn@2012_03_30@07_18_36_787_0/Beam2@Turn@2012_03_30@07_18_36_787_0.sdds.new,/home/alangner/afs_work/Dispersion_2012/Beam2/2014-02-12/LHCB2/Measurements/Beam2@Turn@2012_03_30@07_19_59_539_0/Beam2@Turn@2012_03_30@07_19_59_539_0.sdds.new,/home/alangner/afs_work/Dispersion_2012/Beam2/2014-02-12/LHCB2/Measurements/Beam2@Turn@2012_03_30@07_21_21_131_0/Beam2@Turn@2012_03_30@07_21_21_131_0.sdds.new,/home/alangner/afs_work/Dispersion_2012/Beam2/2014-02-12/LHCB2/Measurements/Beam2@Turn@2012_03_30@07_22_48_985_0/Beam2@Turn@2012_03_30@07_22_48_985_0.sdds.new,/home/alangner/afs_work/Dispersion_2012/Beam2/2014-02-12/LHCB2/Measurements/Beam2@Turn@2012_03_30@07_24_21_706_0/Beam2@Turn@2012_03_30@07_24_21_706_0.sdds.new,/home/alangner/afs_work/Dispersion_2012/Beam2/2014-02-12/LHCB2/Measurements/Beam2@Turn@2012_03_30@07_26_02_509_0/Beam2@Turn@2012_03_30@07_26_02_509_0.sdds.new"
*            NAME              BETY           BETYSTD           BETYMDL              ALFY           ALFYSTD           ALFYMDL             BETY*          BETY*STD          BETY*MDL               SY*            SY*STD            SY*MDL           rt(2JY)        rt(2JY)STD
$              %s               %le               %le               %le               %le               %le               %le               %le               %le               %le               %le               %le               %le               %le               %le
            "IP1"     0.68859824421    0.017653778833    0.645310937903    0.258502117903   0.0151446983219    0.163111233355    0.645351813721   0.0168611826381    0.628587202857    0.166771557366  0.00987654360748    0.102529633929   0.0314736787013  0.00147079518131
            "IP5"    0.605453676848   0.0247401258869    0.597614631479    0.159544666026   0.0286940742195 -0.00969240697287    0.589996875077   0.0244872442007    0.597558495189   0.0939759865179   0.0166804770347 -0.00579178012547   0.0314640324275   0.0018538466207
            "IP8"     50.3431247701    0.367445831329     2.89520949063  -0.0736325042621  0.00829476511895   -0.171842142456       50.06794485     0.32039797564     2.81216698166    -3.68866255431    0.431233574998   -0.483248799073   0.0531823123282  0.00280199873723
            "IP2"     3.26095505898   0.0210995393271      3.3965502325   -0.244424853139   0.0145225534851   0.0999867019038     3.07653646869   0.0121433697534     3.36292987725   -0.751914163774   0.0436018791613     0.33624826716   0.0323523786464  0.00165528755577
