@ GetLLMVersion %s "V3.0.0 Dev"
@ Command %s "/home/alangner/afs_work/git_repository/Beta-Beat.src/GetLLM/GetLLM.py --accel=LHCB2 --model=/home/alangner/afs_work/Beta_through_Ramp/model_B2/twiss_4TeV_squeeze_MQT1.dat --files=/home/alangner/afs_work/Dispersion_2012/Beam2/2014-02-12/LHCB2/Measurements/Beam2@Turn@2012_03_30@07_18_36_787_0/Beam2@Turn@2012_03_30@07_18_36_787_0.sdds.new,/home/alangner/afs_work/Dispersion_2012/Beam2/2014-02-12/LHCB2/Measurements/Beam2@Turn@2012_03_30@07_19_59_539_0/Beam2@Turn@2012_03_30@07_19_59_539_0.sdds.new,/home/alangner/afs_work/Dispersion_2012/Beam2/2014-02-12/LHCB2/Measurements/Beam2@Turn@2012_03_30@07_21_21_131_0/Beam2@Turn@2012_03_30@07_21_21_131_0.sdds.new,/home/alangner/afs_work/Dispersion_2012/Beam2/2014-02-12/LHCB2/Measurements/Beam2@Turn@2012_03_30@07_22_48_985_0/Beam2@Turn@2012_03_30@07_22_48_985_0.sdds.new,/home/alangner/afs_work/Dispersion_2012/Beam2/2014-02-12/LHCB2/Measurements/Beam2@Turn@2012_03_30@07_24_21_706_0/Beam2@Turn@2012_03_30@07_24_21_706_0.sdds.new,/home/alangner/afs_work/Dispersion_2012/Beam2/2014-02-12/LHCB2/Measurements/Beam2@Turn@2012_03_30@07_26_02_509_0/Beam2@Turn@2012_03_30@07_26_02_509_0.sdds.new,/home/alangner/afs_work/Dispersion_2012/Beam2/2014-02-12/LHCB2/Measurements/Beam2@Turn@2012_03_30@07_39_04_195_0/Beam2@Turn@2012_03_30@07_39_04_195_0.sdds.new,/home/alangner/afs_work/Dispersion_2012/Beam2/2014-02-12/LHCB2/Measurements/Beam2@Turn@2012_03_30@07_40_35_047_0/Beam2@Turn@2012_03_30@07_40_35_047_0.sdds.new,/home/alangner/afs_work/Dispersion_2012/Beam2/2014-02-12/LHCB2/Measurements/Beam2@Turn@2012_03_30@07_42_00_669_0/Beam2@Turn@2012_03_30@07_42_00_669_0.sdds.new,/home/alangner/afs_work/Dispersion_2012/Beam2/2014-02-12/LHCB2/Measurements/Beam2@Turn@2012_03_30@07_43_51_512_0/Beam2@Turn@2012_03_30@07_43_51_512_0.sdds.new,/home/alangner/afs_work/Dispersion_2012/Beam2/2014-02-12/LHCB2/Measurements/Beam2@Turn@2012_03_30@07_55_31_188_0/Beam2@Turn@2012_03_30@07_55_31_188_0.sdds.new,/home/alangner/afs_work/Dispersion_2012/Beam2/2014-02-12/LHCB2/Measurements/Beam2@Turn@2012_03_30@07_57_21_071_0/Beam2@Turn@2012_03_30@07_57_21_071_0.sdds.new,/home/alangner/afs_work/Dispersion_2012/Beam2/2014-02-12/LHCB2/Measurements/Beam2@Turn@2012_03_30@07_58_49_053_0/Beam2@Turn@2012_03_30@07_58_49_053_0.sdds.new --output=/home/alangner/afs_work/Dispersion_2012/Beam2/Results_fin/ --tbtana=SUSSIX --bpmu=mm"
@ Date %s "19. March 2014, 21:10:27"
@ FILES %s "/home/alangner/afs_work/Dispersion_2012/Beam2/2014-02-12/LHCB2/Measurements/Beam2@Turn@2012_03_30@07_18_36_787_0/Beam2@Turn@2012_03_30@07_18_36_787_0.sdds.new,/home/alangner/afs_work/Dispersion_2012/Beam2/2014-02-12/LHCB2/Measurements/Beam2@Turn@2012_03_30@07_19_59_539_0/Beam2@Turn@2012_03_30@07_19_59_539_0.sdds.new,/home/alangner/afs_work/Dispersion_2012/Beam2/2014-02-12/LHCB2/Measurements/Beam2@Turn@2012_03_30@07_21_21_131_0/Beam2@Turn@2012_03_30@07_21_21_131_0.sdds.new,/home/alangner/afs_work/Dispersion_2012/Beam2/2014-02-12/LHCB2/Measurements/Beam2@Turn@2012_03_30@07_22_48_985_0/Beam2@Turn@2012_03_30@07_22_48_985_0.sdds.new,/home/alangner/afs_work/Dispersion_2012/Beam2/2014-02-12/LHCB2/Measurements/Beam2@Turn@2012_03_30@07_24_21_706_0/Beam2@Turn@2012_03_30@07_24_21_706_0.sdds.new,/home/alangner/afs_work/Dispersion_2012/Beam2/2014-02-12/LHCB2/Measurements/Beam2@Turn@2012_03_30@07_26_02_509_0/Beam2@Turn@2012_03_30@07_26_02_509_0.sdds.new"
*            NAME              BETX           BETXSTD           BETXMDL              ALFX           ALFXSTD           ALFXMDL             BETX*          BETX*STD          BETX*MDL               SX*            SX*STD            SX*MDL          rt(2JXD)       rt(2JXD)STD
$              %s               %le               %le               %le               %le               %le               %le               %le               %le               %le               %le               %le               %le               %le               %le
            "IP1"     1.26758735553   0.0962330962274    0.628204056433    -1.09195296541    0.116025100811   0.0269648863612    0.577670765463   0.0296282268669     0.62774761794   -0.627796703288   0.0406247592985   0.0169271431813   0.0206630617768  0.00169834843328
            "IP5"    0.678003271306   0.0626935529027     0.57817217386   -0.397164641383   0.0437980158968   0.0167050184343    0.584448928334   0.0502150815583    0.578010875509   -0.232418640555   0.0335180142953  0.00965568233059   0.0205413369224  0.00150568751912
            "IP8"     39.4535886633    0.299293211294     3.00856567088  -0.0615909702998  0.00858515918673  -0.0567104036743     39.3014290358     0.27074973279     2.99892093159    -2.42196613966    0.348322996574   -0.170070016618   0.0373770983031  0.00215829844985
            "IP2"       3.019510427   0.0841794737195     2.92450722765    0.180391316556   0.0339155340935  -0.0125138919516     2.92089628808    0.064734963284     2.92404932886    0.527460068749    0.102882058729  -0.0365912373627   0.0212799773949  0.00116619083494
