@ GetLLMVersion %s "V3.0.0 Dev"
@ Command %s "/home/alangner/afs_work/git_repository/Beta-Beat.src/GetLLM/GetLLM.py --accel=LHCB2 --model=/home/alangner/afs_work/Beta_through_Ramp/model_B2/twiss_4TeV_squeeze_MQT1.dat --files=/home/alangner/afs_work/Dispersion_2012/Beam2/2014-02-12/LHCB2/Measurements/Beam2@Turn@2012_03_30@07_18_36_787_0/Beam2@Turn@2012_03_30@07_18_36_787_0.sdds.new,/home/alangner/afs_work/Dispersion_2012/Beam2/2014-02-12/LHCB2/Measurements/Beam2@Turn@2012_03_30@07_19_59_539_0/Beam2@Turn@2012_03_30@07_19_59_539_0.sdds.new,/home/alangner/afs_work/Dispersion_2012/Beam2/2014-02-12/LHCB2/Measurements/Beam2@Turn@2012_03_30@07_21_21_131_0/Beam2@Turn@2012_03_30@07_21_21_131_0.sdds.new,/home/alangner/afs_work/Dispersion_2012/Beam2/2014-02-12/LHCB2/Measurements/Beam2@Turn@2012_03_30@07_22_48_985_0/Beam2@Turn@2012_03_30@07_22_48_985_0.sdds.new,/home/alangner/afs_work/Dispersion_2012/Beam2/2014-02-12/LHCB2/Measurements/Beam2@Turn@2012_03_30@07_24_21_706_0/Beam2@Turn@2012_03_30@07_24_21_706_0.sdds.new,/home/alangner/afs_work/Dispersion_2012/Beam2/2014-02-12/LHCB2/Measurements/Beam2@Turn@2012_03_30@07_26_02_509_0/Beam2@Turn@2012_03_30@07_26_02_509_0.sdds.new,/home/alangner/afs_work/Dispersion_2012/Beam2/2014-02-12/LHCB2/Measurements/Beam2@Turn@2012_03_30@07_39_04_195_0/Beam2@Turn@2012_03_30@07_39_04_195_0.sdds.new,/home/alangner/afs_work/Dispersion_2012/Beam2/2014-02-12/LHCB2/Measurements/Beam2@Turn@2012_03_30@07_40_35_047_0/Beam2@Turn@2012_03_30@07_40_35_047_0.sdds.new,/home/alangner/afs_work/Dispersion_2012/Beam2/2014-02-12/LHCB2/Measurements/Beam2@Turn@2012_03_30@07_42_00_669_0/Beam2@Turn@2012_03_30@07_42_00_669_0.sdds.new,/home/alangner/afs_work/Dispersion_2012/Beam2/2014-02-12/LHCB2/Measurements/Beam2@Turn@2012_03_30@07_43_51_512_0/Beam2@Turn@2012_03_30@07_43_51_512_0.sdds.new,/home/alangner/afs_work/Dispersion_2012/Beam2/2014-02-12/LHCB2/Measurements/Beam2@Turn@2012_03_30@07_55_31_188_0/Beam2@Turn@2012_03_30@07_55_31_188_0.sdds.new,/home/alangner/afs_work/Dispersion_2012/Beam2/2014-02-12/LHCB2/Measurements/Beam2@Turn@2012_03_30@07_57_21_071_0/Beam2@Turn@2012_03_30@07_57_21_071_0.sdds.new,/home/alangner/afs_work/Dispersion_2012/Beam2/2014-02-12/LHCB2/Measurements/Beam2@Turn@2012_03_30@07_58_49_053_0/Beam2@Turn@2012_03_30@07_58_49_053_0.sdds.new --output=/home/alangner/afs_work/Dispersion_2012/Beam2/Results_fin/ --tbtana=SUSSIX --bpmu=mm"
@ Date %s "19. March 2014, 21:10:27"
@ FILES %s "/home/alangner/afs_work/Dispersion_2012/Beam2/2014-02-12/LHCB2/Measurements/Beam2@Turn@2012_03_30@07_18_36_787_0/Beam2@Turn@2012_03_30@07_18_36_787_0.sdds.new,/home/alangner/afs_work/Dispersion_2012/Beam2/2014-02-12/LHCB2/Measurements/Beam2@Turn@2012_03_30@07_19_59_539_0/Beam2@Turn@2012_03_30@07_19_59_539_0.sdds.new,/home/alangner/afs_work/Dispersion_2012/Beam2/2014-02-12/LHCB2/Measurements/Beam2@Turn@2012_03_30@07_21_21_131_0/Beam2@Turn@2012_03_30@07_21_21_131_0.sdds.new,/home/alangner/afs_work/Dispersion_2012/Beam2/2014-02-12/LHCB2/Measurements/Beam2@Turn@2012_03_30@07_22_48_985_0/Beam2@Turn@2012_03_30@07_22_48_985_0.sdds.new,/home/alangner/afs_work/Dispersion_2012/Beam2/2014-02-12/LHCB2/Measurements/Beam2@Turn@2012_03_30@07_24_21_706_0/Beam2@Turn@2012_03_30@07_24_21_706_0.sdds.new,/home/alangner/afs_work/Dispersion_2012/Beam2/2014-02-12/LHCB2/Measurements/Beam2@Turn@2012_03_30@07_26_02_509_0/Beam2@Turn@2012_03_30@07_26_02_509_0.sdds.new"
*            NAME              BETX           BETXSTD           BETXMDL              ALFX           ALFXSTD           ALFXMDL             BETX*          BETX*STD          BETX*MDL               SX*            SX*STD            SX*MDL           rt(2JX)        rt(2JX)STD
$              %s               %le               %le               %le               %le               %le               %le               %le               %le               %le               %le               %le               %le               %le               %le
            "IP1"     1.34677717675    0.105718670109    0.603617901582     -1.1888838868    0.120229500032  -0.0226672867278    0.557694792002   0.0286812817245    0.603307918421   -0.660036934541   0.0396181394696   -0.013675353572   0.0206630617768  0.00169834843328
            "IP5"    0.675058589196   0.0612616691783    0.593511740392   -0.328934443867   0.0421534361096   0.0759145947774    0.607991551844   0.0522299031309    0.590110916017    -0.20028799363   0.0318743573982   0.0447980310632   0.0205413369224  0.00150568751912
            "IP8"     39.3664531524    0.305043481085     2.83894751931  0.00525769919963  0.00856442408321  -0.0788722242985     39.3624860915    0.306058904966     2.82139610011    0.205225904375     0.33722607683   -0.222529786043   0.0373770983031  0.00215829844985
            "IP2"     3.17334927064   0.0828557014968     3.10156809675    0.143964551447   0.0318911144735  -0.0383626776823     3.10565950078   0.0687855119251     3.09701024214    0.447658799256    0.102213379852   -0.118809605698   0.0212799773949  0.00116619083494
