@ GetLLMVersion %s "V3.0.0 Dev"
@ Command %s "/home/alangner/afs_work/git_repository/Beta-Beat.src/GetLLM/GetLLM.py --accel=LHCB2 --model=/home/alangner/afs_work/Beta_through_Ramp/model_B2/twiss_4TeV_squeeze_MQT1.dat --files=/home/alangner/afs_work/Dispersion_2012/Beam2/2014-02-12/LHCB2/Measurements/Beam2@Turn@2012_03_30@07_18_36_787_0/Beam2@Turn@2012_03_30@07_18_36_787_0.sdds.new,/home/alangner/afs_work/Dispersion_2012/Beam2/2014-02-12/LHCB2/Measurements/Beam2@Turn@2012_03_30@07_19_59_539_0/Beam2@Turn@2012_03_30@07_19_59_539_0.sdds.new,/home/alangner/afs_work/Dispersion_2012/Beam2/2014-02-12/LHCB2/Measurements/Beam2@Turn@2012_03_30@07_21_21_131_0/Beam2@Turn@2012_03_30@07_21_21_131_0.sdds.new,/home/alangner/afs_work/Dispersion_2012/Beam2/2014-02-12/LHCB2/Measurements/Beam2@Turn@2012_03_30@07_22_48_985_0/Beam2@Turn@2012_03_30@07_22_48_985_0.sdds.new,/home/alangner/afs_work/Dispersion_2012/Beam2/2014-02-12/LHCB2/Measurements/Beam2@Turn@2012_03_30@07_24_21_706_0/Beam2@Turn@2012_03_30@07_24_21_706_0.sdds.new,/home/alangner/afs_work/Dispersion_2012/Beam2/2014-02-12/LHCB2/Measurements/Beam2@Turn@2012_03_30@07_26_02_509_0/Beam2@Turn@2012_03_30@07_26_02_509_0.sdds.new,/home/alangner/afs_work/Dispersion_2012/Beam2/2014-02-12/LHCB2/Measurements/Beam2@Turn@2012_03_30@07_39_04_195_0/Beam2@Turn@2012_03_30@07_39_04_195_0.sdds.new,/home/alangner/afs_work/Dispersion_2012/Beam2/2014-02-12/LHCB2/Measurements/Beam2@Turn@2012_03_30@07_40_35_047_0/Beam2@Turn@2012_03_30@07_40_35_047_0.sdds.new,/home/alangner/afs_work/Dispersion_2012/Beam2/2014-02-12/LHCB2/Measurements/Beam2@Turn@2012_03_30@07_42_00_669_0/Beam2@Turn@2012_03_30@07_42_00_669_0.sdds.new,/home/alangner/afs_work/Dispersion_2012/Beam2/2014-02-12/LHCB2/Measurements/Beam2@Turn@2012_03_30@07_43_51_512_0/Beam2@Turn@2012_03_30@07_43_51_512_0.sdds.new,/home/alangner/afs_work/Dispersion_2012/Beam2/2014-02-12/LHCB2/Measurements/Beam2@Turn@2012_03_30@07_55_31_188_0/Beam2@Turn@2012_03_30@07_55_31_188_0.sdds.new,/home/alangner/afs_work/Dispersion_2012/Beam2/2014-02-12/LHCB2/Measurements/Beam2@Turn@2012_03_30@07_57_21_071_0/Beam2@Turn@2012_03_30@07_57_21_071_0.sdds.new,/home/alangner/afs_work/Dispersion_2012/Beam2/2014-02-12/LHCB2/Measurements/Beam2@Turn@2012_03_30@07_58_49_053_0/Beam2@Turn@2012_03_30@07_58_49_053_0.sdds.new --output=/home/alangner/afs_work/Dispersion_2012/Beam2/Results_fin/ --tbtana=SUSSIX --bpmu=mm"
@ Date %s "19. March 2014, 21:10:27"
@ FILES %s "/home/alangner/afs_work/Dispersion_2012/Beam2/2014-02-12/LHCB2/Measurements/Beam2@Turn@2012_03_30@07_18_36_787_0/Beam2@Turn@2012_03_30@07_18_36_787_0.sdds.new,/home/alangner/afs_work/Dispersion_2012/Beam2/2014-02-12/LHCB2/Measurements/Beam2@Turn@2012_03_30@07_19_59_539_0/Beam2@Turn@2012_03_30@07_19_59_539_0.sdds.new,/home/alangner/afs_work/Dispersion_2012/Beam2/2014-02-12/LHCB2/Measurements/Beam2@Turn@2012_03_30@07_21_21_131_0/Beam2@Turn@2012_03_30@07_21_21_131_0.sdds.new,/home/alangner/afs_work/Dispersion_2012/Beam2/2014-02-12/LHCB2/Measurements/Beam2@Turn@2012_03_30@07_22_48_985_0/Beam2@Turn@2012_03_30@07_22_48_985_0.sdds.new,/home/alangner/afs_work/Dispersion_2012/Beam2/2014-02-12/LHCB2/Measurements/Beam2@Turn@2012_03_30@07_24_21_706_0/Beam2@Turn@2012_03_30@07_24_21_706_0.sdds.new,/home/alangner/afs_work/Dispersion_2012/Beam2/2014-02-12/LHCB2/Measurements/Beam2@Turn@2012_03_30@07_26_02_509_0/Beam2@Turn@2012_03_30@07_26_02_509_0.sdds.new"
*            NAME              BETX           BETXSTD           BETXMDL              ALFX           ALFXSTD           ALFXMDL             BETX*          BETX*STD          BETX*MDL               SX*            SX*STD            SX*MDL          rt(2JXD)       rt(2JXD)STD
$              %s               %le               %le               %le               %le               %le               %le               %le               %le               %le               %le               %le               %le               %le               %le
            "IP1"     1.37136333161    0.105718670109    0.628204056433    -1.13925171371    0.120229500032   0.0269648863612    0.582134491521   0.0286812817245     0.62774761794   -0.629434437788   0.0396181394696   0.0169271431813   0.0206630617768  0.00169834843328
            "IP5"    0.659719022664   0.0612616691783     0.57817217386    -0.38814402021   0.0421534361096   0.0167050184343    0.595891511336   0.0522299031309    0.578010875509   -0.235430342363   0.0318743573982  0.00965568233059   0.0205413369224  0.00150568751912
            "IP8"     39.5360713039    0.305043481085     3.00856567088   0.0274195198238  0.00856442408321  -0.0567104036743      39.540010923    0.306058904966     2.99892093159      0.2576856738     0.33722607683   -0.170070016618   0.0373770983031  0.00215829844985
            "IP2"     2.99628840154   0.0828557014968     2.92450722765    0.169813337178   0.0318911144735  -0.0125138919516     2.93269858751   0.0687855119251     2.92404932886    0.529877167591    0.102213379852  -0.0365912373627   0.0212799773949  0.00116619083494
