@ GetLLMVersion %s "V3.0.0 Dev"
@ Command %s "/home/alangner/afs_work/git_repository/Beta-Beat.src/GetLLM/GetLLM.py --accel=LHCB2 --model=/home/alangner/afs_work/Beta_through_Ramp/model_B2/twiss_4TeV_squeeze_MQT1.dat --files=/home/alangner/afs_work/Dispersion_2012/Beam2/2014-02-12/LHCB2/Measurements/Beam2@Turn@2012_03_30@07_18_36_787_0/Beam2@Turn@2012_03_30@07_18_36_787_0.sdds.new,/home/alangner/afs_work/Dispersion_2012/Beam2/2014-02-12/LHCB2/Measurements/Beam2@Turn@2012_03_30@07_19_59_539_0/Beam2@Turn@2012_03_30@07_19_59_539_0.sdds.new,/home/alangner/afs_work/Dispersion_2012/Beam2/2014-02-12/LHCB2/Measurements/Beam2@Turn@2012_03_30@07_21_21_131_0/Beam2@Turn@2012_03_30@07_21_21_131_0.sdds.new,/home/alangner/afs_work/Dispersion_2012/Beam2/2014-02-12/LHCB2/Measurements/Beam2@Turn@2012_03_30@07_22_48_985_0/Beam2@Turn@2012_03_30@07_22_48_985_0.sdds.new,/home/alangner/afs_work/Dispersion_2012/Beam2/2014-02-12/LHCB2/Measurements/Beam2@Turn@2012_03_30@07_24_21_706_0/Beam2@Turn@2012_03_30@07_24_21_706_0.sdds.new,/home/alangner/afs_work/Dispersion_2012/Beam2/2014-02-12/LHCB2/Measurements/Beam2@Turn@2012_03_30@07_26_02_509_0/Beam2@Turn@2012_03_30@07_26_02_509_0.sdds.new,/home/alangner/afs_work/Dispersion_2012/Beam2/2014-02-12/LHCB2/Measurements/Beam2@Turn@2012_03_30@07_39_04_195_0/Beam2@Turn@2012_03_30@07_39_04_195_0.sdds.new,/home/alangner/afs_work/Dispersion_2012/Beam2/2014-02-12/LHCB2/Measurements/Beam2@Turn@2012_03_30@07_40_35_047_0/Beam2@Turn@2012_03_30@07_40_35_047_0.sdds.new,/home/alangner/afs_work/Dispersion_2012/Beam2/2014-02-12/LHCB2/Measurements/Beam2@Turn@2012_03_30@07_42_00_669_0/Beam2@Turn@2012_03_30@07_42_00_669_0.sdds.new,/home/alangner/afs_work/Dispersion_2012/Beam2/2014-02-12/LHCB2/Measurements/Beam2@Turn@2012_03_30@07_43_51_512_0/Beam2@Turn@2012_03_30@07_43_51_512_0.sdds.new,/home/alangner/afs_work/Dispersion_2012/Beam2/2014-02-12/LHCB2/Measurements/Beam2@Turn@2012_03_30@07_55_31_188_0/Beam2@Turn@2012_03_30@07_55_31_188_0.sdds.new,/home/alangner/afs_work/Dispersion_2012/Beam2/2014-02-12/LHCB2/Measurements/Beam2@Turn@2012_03_30@07_57_21_071_0/Beam2@Turn@2012_03_30@07_57_21_071_0.sdds.new,/home/alangner/afs_work/Dispersion_2012/Beam2/2014-02-12/LHCB2/Measurements/Beam2@Turn@2012_03_30@07_58_49_053_0/Beam2@Turn@2012_03_30@07_58_49_053_0.sdds.new --output=/home/alangner/afs_work/Dispersion_2012/Beam2/Results_fin/ --tbtana=SUSSIX --bpmu=mm"
@ Date %s "19. March 2014, 21:10:27"
@ FILES %s "/home/alangner/afs_work/Dispersion_2012/Beam2/2014-02-12/LHCB2/Measurements/Beam2@Turn@2012_03_30@07_18_36_787_0/Beam2@Turn@2012_03_30@07_18_36_787_0.sdds.new,/home/alangner/afs_work/Dispersion_2012/Beam2/2014-02-12/LHCB2/Measurements/Beam2@Turn@2012_03_30@07_19_59_539_0/Beam2@Turn@2012_03_30@07_19_59_539_0.sdds.new,/home/alangner/afs_work/Dispersion_2012/Beam2/2014-02-12/LHCB2/Measurements/Beam2@Turn@2012_03_30@07_21_21_131_0/Beam2@Turn@2012_03_30@07_21_21_131_0.sdds.new,/home/alangner/afs_work/Dispersion_2012/Beam2/2014-02-12/LHCB2/Measurements/Beam2@Turn@2012_03_30@07_22_48_985_0/Beam2@Turn@2012_03_30@07_22_48_985_0.sdds.new,/home/alangner/afs_work/Dispersion_2012/Beam2/2014-02-12/LHCB2/Measurements/Beam2@Turn@2012_03_30@07_24_21_706_0/Beam2@Turn@2012_03_30@07_24_21_706_0.sdds.new,/home/alangner/afs_work/Dispersion_2012/Beam2/2014-02-12/LHCB2/Measurements/Beam2@Turn@2012_03_30@07_26_02_509_0/Beam2@Turn@2012_03_30@07_26_02_509_0.sdds.new"
*            NAME              BETY           BETYSTD           BETYMDL              ALFY           ALFYSTD           ALFYMDL             BETY*          BETY*STD          BETY*MDL               SY*            SY*STD            SY*MDL          rt(2JYD)       rt(2JYD)STD
$              %s               %le               %le               %le               %le               %le               %le               %le               %le               %le               %le               %le               %le               %le               %le
            "IP1"    0.677810767329   0.0174953946702    0.619525246863    0.322650225753   0.0159046276302    0.210514616153    0.613791102735   0.0160226151678    0.593235196459    0.197986094018   0.0100689666414    0.124884679671   0.0314736787013  0.00147079518131
            "IP5"    0.624822225326   0.0257498938012    0.598387561046    0.228740203123   0.0285190033197   0.0588226588797     0.59336218088    0.024699679365    0.596324216525    0.135570796098   0.0168142996034   0.0350773759703   0.0314640324275   0.0018538466207
            "IP8"     47.3595026235    0.343778853963     3.07931084635   -0.103431611093  0.00786650513845   -0.213534591559     46.8550226041     0.28446831748     2.94502641283    -4.84791877085    0.388533916499   -0.628865012194   0.0531823123282  0.00280199873723
            "IP2"     3.12905933728   0.0164999734932     3.36862828822   -0.178530687796   0.0146618134258    0.166881065778     3.03179585277   0.0114037713838     3.27735624338   -0.541209524116   0.0437534067201    0.546928702831   0.0323523786464  0.00165528755577
