*             NAME                  S            Cf1001r         Cf1001rERR            Cf1001i         Cf1001iERR            Cf1010r         Cf1010rERR            Cf1010i         Cf1010iERR        Cf1001r_MDL     Cf1001rERR_MDL        Cf1001i_MDL     Cf1001iERR_MDL        Cf1010r_MDL     Cf1010rERR_MDL        Cf1010i_MDL     Cf1010iERR_MDL
#                1                  2                  3                  4                  5                  6                  7                  8                  9                 10                 11                 12                 13                 14                 15                 16                 17                 18
$               %s                %le                %le                %le                %le                %le                %le                %le                %le                %le                %le                %le                %le                %le                %le                %le                %le                %le
        BPM.9R2.B1            533.195                0.0                0.0                0.0                0.0                0.0                0.0                0.0                0.0    0.0549950302756                0.0    -0.102264072136                0.0   0.00464094313398                0.0  -0.00267949896242                0.0
      BPMWC.6R3.B1           3718.937     -112.909219443                0.0      -88.834815047                0.0      -150.45208243                0.0     -156.384477378                0.0    -0.074287472331                0.0    0.0813899839361                0.0   0.00125678344865                0.0   0.00150596243237                0.0
       BPM.15R4.B1           7505.134      141.536610954                0.0     -16.1463703957                0.0      114.124360722                0.0     -144.430055005                0.0    -0.110267462195                0.0    -0.043548543205                0.0   0.00486887255066                0.0 -0.000843645331382                0.0
       BPM.27L5.B1           8894.796     -76.5227899808                0.0      17.4776212039                0.0     -332.697636306                0.0     -98.0450978183                0.0   -0.0616881440059                0.0    0.0990858784585                0.0  -0.00559739585628                0.0   0.00428824364801                0.0
       BPM.15R6.B1           14169.88      118.343190005                0.0      21.8050949779                0.0      151.307717787                0.0      12.2435103592                0.0    -0.107207460828                0.0      0.02897750463                0.0  -0.00550069218506                0.0  -0.00245134831497                0.0
       BPM.20L2.B1           25931.36     -88.2231038911                0.0      52.0714889202                0.0     -102.128662044                0.0     -8.03071651155                0.0    0.0921517659725                0.0    0.0568131229007                0.0  -0.00727542153052                0.0    0.0040618496636                0.0
